Analysis & Synthesis report for Clock
Mon Oct 09 23:25:31 2017
Quartus Prime Version 17.0.0 Build 595 04/25/2017 SJ Lite Edition


---------------------
; Table of Contents ;
---------------------
  1. Legal Notice
  2. Analysis & Synthesis Summary
  3. Analysis & Synthesis Settings
  4. Parallel Compilation
  5. Analysis & Synthesis Source Files Read
  6. Analysis & Synthesis Resource Usage Summary
  7. Analysis & Synthesis Resource Utilization by Entity
  8. Registers Removed During Synthesis
  9. Removed Registers Triggering Further Register Optimizations
 10. General Register Statistics
 11. Parameter Settings for User Entity Instance: fluxoDados:FD0|registrador:R0
 12. Parameter Settings for User Entity Instance: fluxoDados:FD0|registrador:R1
 13. Parameter Settings for User Entity Instance: fluxoDados:FD0|registrador:R2
 14. Parameter Settings for User Entity Instance: fluxoDados:FD0|registrador:R3
 15. Parameter Settings for User Entity Instance: fluxoDados:FD0|registrador:R4
 16. Parameter Settings for User Entity Instance: fluxoDados:FD0|registrador:R5
 17. Parameter Settings for User Entity Instance: fluxoDados:FD0|Mux6Way:MUX6WAY0
 18. Parameter Settings for User Entity Instance: fluxoDados:FD0|ula:ULA0
 19. Parameter Settings for User Entity Instance: fluxoDados:FD0|Demux6Way:DMUX6WAY0
 20. Port Connectivity Checks: "conversorHex7Seg:CONV5"
 21. Port Connectivity Checks: "conversorHex7Seg:CONV4"
 22. Port Connectivity Checks: "conversorHex7Seg:CONV3"
 23. Port Connectivity Checks: "conversorHex7Seg:CONV2"
 24. Port Connectivity Checks: "conversorHex7Seg:CONV1"
 25. Port Connectivity Checks: "conversorHex7Seg:CONV0"
 26. Port Connectivity Checks: "fluxoDados:FD0|ula:ULA0"
 27. Port Connectivity Checks: "clockDivisor:CD0"
 28. Post-Synthesis Netlist Statistics for Top Partition
 29. Elapsed Time Per Partition
 30. Analysis & Synthesis Messages



----------------
; Legal Notice ;
----------------
Copyright (C) 2017  Intel Corporation. All rights reserved.
Your use of Intel Corporation's design tools, logic functions 
and other software and tools, and its AMPP partner logic 
functions, and any output files from any of the foregoing 
(including device programming or simulation files), and any 
associated documentation or information are expressly subject 
to the terms and conditions of the Intel Program License 
Subscription Agreement, the Intel Quartus Prime License Agreement,
the Intel MegaCore Function License Agreement, or other 
applicable license agreement, including, without limitation, 
that your use is for the sole purpose of programming logic 
devices manufactured by Intel and sold by Intel or its 
authorized distributors.  Please refer to the applicable 
agreement for further details.



+----------------------------------------------------------------------------------+
; Analysis & Synthesis Summary                                                     ;
+------------------------------------+---------------------------------------------+
; Analysis & Synthesis Status        ; Successful - Mon Oct 09 23:25:31 2017       ;
; Quartus Prime Version              ; 17.0.0 Build 595 04/25/2017 SJ Lite Edition ;
; Revision Name                      ; Clock                                       ;
; Top-level Entity Name              ; TopLevel                                    ;
; Family                             ; Cyclone IV E                                ;
; Total logic elements               ; 0                                           ;
;     Total combinational functions  ; 0                                           ;
;     Dedicated logic registers      ; 0                                           ;
; Total registers                    ; 0                                           ;
; Total pins                         ; 43                                          ;
; Total virtual pins                 ; 0                                           ;
; Total memory bits                  ; 0                                           ;
; Embedded Multiplier 9-bit elements ; 0                                           ;
; Total PLLs                         ; 0                                           ;
+------------------------------------+---------------------------------------------+


+----------------------------------------------------------------------------------------------------------------------+
; Analysis & Synthesis Settings                                                                                        ;
+----------------------------------------------------------------------------+--------------------+--------------------+
; Option                                                                     ; Setting            ; Default Value      ;
+----------------------------------------------------------------------------+--------------------+--------------------+
; Device                                                                     ; EP4CE115F29C7      ;                    ;
; Top-level entity name                                                      ; TopLevel           ; Clock              ;
; Family name                                                                ; Cyclone IV E       ; Cyclone V          ;
; Use smart compilation                                                      ; Off                ; Off                ;
; Enable parallel Assembler and TimeQuest Timing Analyzer during compilation ; On                 ; On                 ;
; Enable compact report table                                                ; Off                ; Off                ;
; Restructure Multiplexers                                                   ; Auto               ; Auto               ;
; Create Debugging Nodes for IP Cores                                        ; Off                ; Off                ;
; Preserve fewer node names                                                  ; On                 ; On                 ;
; OpenCore Plus hardware evaluation                                          ; Enable             ; Enable             ;
; Verilog Version                                                            ; Verilog_2001       ; Verilog_2001       ;
; VHDL Version                                                               ; VHDL_1993          ; VHDL_1993          ;
; State Machine Processing                                                   ; Auto               ; Auto               ;
; Safe State Machine                                                         ; Off                ; Off                ;
; Extract Verilog State Machines                                             ; On                 ; On                 ;
; Extract VHDL State Machines                                                ; On                 ; On                 ;
; Ignore Verilog initial constructs                                          ; Off                ; Off                ;
; Iteration limit for constant Verilog loops                                 ; 5000               ; 5000               ;
; Iteration limit for non-constant Verilog loops                             ; 250                ; 250                ;
; Add Pass-Through Logic to Inferred RAMs                                    ; On                 ; On                 ;
; Infer RAMs from Raw Logic                                                  ; On                 ; On                 ;
; Parallel Synthesis                                                         ; On                 ; On                 ;
; DSP Block Balancing                                                        ; Auto               ; Auto               ;
; NOT Gate Push-Back                                                         ; On                 ; On                 ;
; Power-Up Don't Care                                                        ; On                 ; On                 ;
; Remove Redundant Logic Cells                                               ; Off                ; Off                ;
; Remove Duplicate Registers                                                 ; On                 ; On                 ;
; Ignore CARRY Buffers                                                       ; Off                ; Off                ;
; Ignore CASCADE Buffers                                                     ; Off                ; Off                ;
; Ignore GLOBAL Buffers                                                      ; Off                ; Off                ;
; Ignore ROW GLOBAL Buffers                                                  ; Off                ; Off                ;
; Ignore LCELL Buffers                                                       ; Off                ; Off                ;
; Ignore SOFT Buffers                                                        ; On                 ; On                 ;
; Limit AHDL Integers to 32 Bits                                             ; Off                ; Off                ;
; Optimization Technique                                                     ; Balanced           ; Balanced           ;
; Carry Chain Length                                                         ; 70                 ; 70                 ;
; Auto Carry Chains                                                          ; On                 ; On                 ;
; Auto Open-Drain Pins                                                       ; On                 ; On                 ;
; Perform WYSIWYG Primitive Resynthesis                                      ; Off                ; Off                ;
; Auto ROM Replacement                                                       ; On                 ; On                 ;
; Auto RAM Replacement                                                       ; On                 ; On                 ;
; Auto DSP Block Replacement                                                 ; On                 ; On                 ;
; Auto Shift Register Replacement                                            ; Auto               ; Auto               ;
; Allow Shift Register Merging across Hierarchies                            ; Auto               ; Auto               ;
; Auto Clock Enable Replacement                                              ; On                 ; On                 ;
; Strict RAM Replacement                                                     ; Off                ; Off                ;
; Allow Synchronous Control Signals                                          ; On                 ; On                 ;
; Force Use of Synchronous Clear Signals                                     ; Off                ; Off                ;
; Auto RAM Block Balancing                                                   ; On                 ; On                 ;
; Auto RAM to Logic Cell Conversion                                          ; Off                ; Off                ;
; Auto Resource Sharing                                                      ; Off                ; Off                ;
; Allow Any RAM Size For Recognition                                         ; Off                ; Off                ;
; Allow Any ROM Size For Recognition                                         ; Off                ; Off                ;
; Allow Any Shift Register Size For Recognition                              ; Off                ; Off                ;
; Use LogicLock Constraints during Resource Balancing                        ; On                 ; On                 ;
; Ignore translate_off and synthesis_off directives                          ; Off                ; Off                ;
; Timing-Driven Synthesis                                                    ; On                 ; On                 ;
; Report Parameter Settings                                                  ; On                 ; On                 ;
; Report Source Assignments                                                  ; On                 ; On                 ;
; Report Connectivity Checks                                                 ; On                 ; On                 ;
; Ignore Maximum Fan-Out Assignments                                         ; Off                ; Off                ;
; Synchronization Register Chain Length                                      ; 2                  ; 2                  ;
; PowerPlay Power Optimization During Synthesis                              ; Normal compilation ; Normal compilation ;
; HDL message level                                                          ; Level2             ; Level2             ;
; Suppress Register Optimization Related Messages                            ; Off                ; Off                ;
; Number of Removed Registers Reported in Synthesis Report                   ; 5000               ; 5000               ;
; Number of Swept Nodes Reported in Synthesis Report                         ; 5000               ; 5000               ;
; Number of Inverted Registers Reported in Synthesis Report                  ; 100                ; 100                ;
; Clock MUX Protection                                                       ; On                 ; On                 ;
; Auto Gated Clock Conversion                                                ; Off                ; Off                ;
; Block Design Naming                                                        ; Auto               ; Auto               ;
; SDC constraint protection                                                  ; Off                ; Off                ;
; Synthesis Effort                                                           ; Auto               ; Auto               ;
; Shift Register Replacement - Allow Asynchronous Clear Signal               ; On                 ; On                 ;
; Pre-Mapping Resynthesis Optimization                                       ; Off                ; Off                ;
; Analysis & Synthesis Message Level                                         ; Medium             ; Medium             ;
; Disable Register Merging Across Hierarchies                                ; Auto               ; Auto               ;
; Resource Aware Inference For Block RAM                                     ; On                 ; On                 ;
+----------------------------------------------------------------------------+--------------------+--------------------+


+------------------------------------------+
; Parallel Compilation                     ;
+----------------------------+-------------+
; Processors                 ; Number      ;
+----------------------------+-------------+
; Number detected on machine ; 4           ;
; Maximum allowed            ; 2           ;
;                            ;             ;
; Average used               ; 1.00        ;
; Maximum used               ; 1           ;
;                            ;             ;
; Usage by Processor         ; % Time Used ;
;     Processor 1            ; 100.0%      ;
+----------------------------+-------------+


+-------------------------------------------------------------------------------------------------------------------------------------------------------+
; Analysis & Synthesis Source Files Read                                                                                                                ;
+----------------------------------+-----------------+-----------------+----------------------------------------------------------------------+---------+
; File Name with User-Entered Path ; Used in Netlist ; File Type       ; File Name with Absolute Path                                         ; Library ;
+----------------------------------+-----------------+-----------------+----------------------------------------------------------------------+---------+
; conversorHex7Seg.vhd             ; yes             ; User VHDL File  ; C:/Users/lucas/OneDrive/Insper/DesignComp/Clock/conversorHex7Seg.vhd ;         ;
; registrador.vhd                  ; yes             ; User VHDL File  ; C:/Users/lucas/OneDrive/Insper/DesignComp/Clock/registrador.vhd      ;         ;
; ula.vhd                          ; yes             ; User VHDL File  ; C:/Users/lucas/OneDrive/Insper/DesignComp/Clock/ula.vhd              ;         ;
; fluxoDados.vhd                   ; yes             ; User VHDL File  ; C:/Users/lucas/OneDrive/Insper/DesignComp/Clock/fluxoDados.vhd       ;         ;
; clockDivisor.vhd                 ; yes             ; User VHDL File  ; C:/Users/lucas/OneDrive/Insper/DesignComp/Clock/clockDivisor.vhd     ;         ;
; Mux6Way.vhd                      ; yes             ; User VHDL File  ; C:/Users/lucas/OneDrive/Insper/DesignComp/Clock/Mux6Way.vhd          ;         ;
; Demux6Way.vhd                    ; yes             ; User VHDL File  ; C:/Users/lucas/OneDrive/Insper/DesignComp/Clock/Demux6Way.vhd        ;         ;
; unidadeControle.vhd              ; yes             ; User VHDL File  ; C:/Users/lucas/OneDrive/Insper/DesignComp/Clock/unidadeControle.vhd  ;         ;
; TopLevel.vhd                     ; yes             ; User VHDL File  ; C:/Users/lucas/OneDrive/Insper/DesignComp/Clock/TopLevel.vhd         ;         ;
+----------------------------------+-----------------+-----------------+----------------------------------------------------------------------+---------+


+--------------------------------------------------------+
; Analysis & Synthesis Resource Usage Summary            ;
+---------------------------------------------+----------+
; Resource                                    ; Usage    ;
+---------------------------------------------+----------+
;                                             ;          ;
; Total combinational functions               ; 0        ;
; Logic element usage by number of LUT inputs ;          ;
;     -- 4 input functions                    ; 0        ;
;     -- 3 input functions                    ; 0        ;
;     -- <=2 input functions                  ; 0        ;
;                                             ;          ;
; Logic elements by mode                      ;          ;
;     -- normal mode                          ; 0        ;
;     -- arithmetic mode                      ; 0        ;
;                                             ;          ;
; Total registers                             ; 0        ;
;     -- Dedicated logic registers            ; 0        ;
;     -- I/O registers                        ; 0        ;
;                                             ;          ;
; I/O pins                                    ; 43       ;
;                                             ;          ;
; Embedded Multiplier 9-bit elements          ; 0        ;
;                                             ;          ;
; Maximum fan-out node                        ; CLOCK_50 ;
; Maximum fan-out                             ; 1        ;
; Total fan-out                               ; 43       ;
; Average fan-out                             ; 0.50     ;
+---------------------------------------------+----------+


+----------------------------------------------------------------------------------------------------------------------------------------------------------------------------------------------------------+
; Analysis & Synthesis Resource Utilization by Entity                                                                                                                                                      ;
+----------------------------+---------------------+---------------------------+-------------+--------------+---------+-----------+------+--------------+---------------------+-------------+--------------+
; Compilation Hierarchy Node ; Combinational ALUTs ; Dedicated Logic Registers ; Memory Bits ; DSP Elements ; DSP 9x9 ; DSP 18x18 ; Pins ; Virtual Pins ; Full Hierarchy Name ; Entity Name ; Library Name ;
+----------------------------+---------------------+---------------------------+-------------+--------------+---------+-----------+------+--------------+---------------------+-------------+--------------+
; |TopLevel                  ; 0 (0)               ; 0 (0)                     ; 0           ; 0            ; 0       ; 0         ; 43   ; 0            ; |TopLevel           ; TopLevel    ; work         ;
+----------------------------+---------------------+---------------------------+-------------+--------------+---------+-----------+------+--------------+---------------------+-------------+--------------+
Note: For table entries with two numbers listed, the numbers in parentheses indicate the number of resources of the given type used by the specific entity alone. The numbers listed outside of parentheses indicate the total resources of the given type used by the specific entity and all of its sub-entities in the hierarchy.


+---------------------------------------------------------------------------------+
; Registers Removed During Synthesis                                              ;
+----------------------------------------+----------------------------------------+
; Register name                          ; Reason for Removal                     ;
+----------------------------------------+----------------------------------------+
; clockDivisor:CD0|clk_1Hz               ; Stuck at GND due to stuck port data_in ;
; fluxoDados:FD0|registrador:R5|q[0..3]  ; Stuck at GND due to stuck port clock   ;
; fluxoDados:FD0|registrador:R4|q[0..3]  ; Stuck at GND due to stuck port clock   ;
; fluxoDados:FD0|registrador:R3|q[0..3]  ; Stuck at GND due to stuck port clock   ;
; fluxoDados:FD0|registrador:R2|q[0..3]  ; Stuck at GND due to stuck port clock   ;
; fluxoDados:FD0|registrador:R1|q[0..3]  ; Stuck at GND due to stuck port clock   ;
; fluxoDados:FD0|registrador:R0|q[0..3]  ; Stuck at GND due to stuck port clock   ;
; Total Number of Removed Registers = 25 ;                                        ;
+----------------------------------------+----------------------------------------+


+--------------------------------------------------------------------------------------------------------------------------------+
; Removed Registers Triggering Further Register Optimizations                                                                    ;
+--------------------------+---------------------------+-------------------------------------------------------------------------+
; Register name            ; Reason for Removal        ; Registers Removed due to This Register                                  ;
+--------------------------+---------------------------+-------------------------------------------------------------------------+
; clockDivisor:CD0|clk_1Hz ; Stuck at GND              ; fluxoDados:FD0|registrador:R5|q[3], fluxoDados:FD0|registrador:R5|q[2], ;
;                          ; due to stuck port data_in ; fluxoDados:FD0|registrador:R5|q[1], fluxoDados:FD0|registrador:R5|q[0], ;
;                          ;                           ; fluxoDados:FD0|registrador:R4|q[3], fluxoDados:FD0|registrador:R4|q[2], ;
;                          ;                           ; fluxoDados:FD0|registrador:R4|q[1], fluxoDados:FD0|registrador:R4|q[0], ;
;                          ;                           ; fluxoDados:FD0|registrador:R3|q[3], fluxoDados:FD0|registrador:R3|q[2], ;
;                          ;                           ; fluxoDados:FD0|registrador:R3|q[1], fluxoDados:FD0|registrador:R3|q[0], ;
;                          ;                           ; fluxoDados:FD0|registrador:R2|q[3], fluxoDados:FD0|registrador:R2|q[2], ;
;                          ;                           ; fluxoDados:FD0|registrador:R2|q[1], fluxoDados:FD0|registrador:R2|q[0], ;
;                          ;                           ; fluxoDados:FD0|registrador:R1|q[3], fluxoDados:FD0|registrador:R1|q[2], ;
;                          ;                           ; fluxoDados:FD0|registrador:R1|q[1], fluxoDados:FD0|registrador:R1|q[0], ;
;                          ;                           ; fluxoDados:FD0|registrador:R0|q[3], fluxoDados:FD0|registrador:R0|q[2], ;
;                          ;                           ; fluxoDados:FD0|registrador:R0|q[1], fluxoDados:FD0|registrador:R0|q[0]  ;
+--------------------------+---------------------------+-------------------------------------------------------------------------+


+------------------------------------------------------+
; General Register Statistics                          ;
+----------------------------------------------+-------+
; Statistic                                    ; Value ;
+----------------------------------------------+-------+
; Total registers                              ; 0     ;
; Number of registers using Synchronous Clear  ; 0     ;
; Number of registers using Synchronous Load   ; 0     ;
; Number of registers using Asynchronous Clear ; 0     ;
; Number of registers using Asynchronous Load  ; 0     ;
; Number of registers using Clock Enable       ; 0     ;
; Number of registers using Preset             ; 0     ;
+----------------------------------------------+-------+


+----------------------------------------------------------------------------+
; Parameter Settings for User Entity Instance: fluxoDados:FD0|registrador:R0 ;
+----------------+-------+---------------------------------------------------+
; Parameter Name ; Value ; Type                                              ;
+----------------+-------+---------------------------------------------------+
; bits           ; 4     ; Signed Integer                                    ;
+----------------+-------+---------------------------------------------------+
Note: In order to hide this table in the UI and the text report file, please set the "Show Parameter Settings in Synthesis Report" option in "Analysis and Synthesis Settings -> More Settings" to "Off".


+----------------------------------------------------------------------------+
; Parameter Settings for User Entity Instance: fluxoDados:FD0|registrador:R1 ;
+----------------+-------+---------------------------------------------------+
; Parameter Name ; Value ; Type                                              ;
+----------------+-------+---------------------------------------------------+
; bits           ; 4     ; Signed Integer                                    ;
+----------------+-------+---------------------------------------------------+
Note: In order to hide this table in the UI and the text report file, please set the "Show Parameter Settings in Synthesis Report" option in "Analysis and Synthesis Settings -> More Settings" to "Off".


+----------------------------------------------------------------------------+
; Parameter Settings for User Entity Instance: fluxoDados:FD0|registrador:R2 ;
+----------------+-------+---------------------------------------------------+
; Parameter Name ; Value ; Type                                              ;
+----------------+-------+---------------------------------------------------+
; bits           ; 4     ; Signed Integer                                    ;
+----------------+-------+---------------------------------------------------+
Note: In order to hide this table in the UI and the text report file, please set the "Show Parameter Settings in Synthesis Report" option in "Analysis and Synthesis Settings -> More Settings" to "Off".


+----------------------------------------------------------------------------+
; Parameter Settings for User Entity Instance: fluxoDados:FD0|registrador:R3 ;
+----------------+-------+---------------------------------------------------+
; Parameter Name ; Value ; Type                                              ;
+----------------+-------+---------------------------------------------------+
; bits           ; 4     ; Signed Integer                                    ;
+----------------+-------+---------------------------------------------------+
Note: In order to hide this table in the UI and the text report file, please set the "Show Parameter Settings in Synthesis Report" option in "Analysis and Synthesis Settings -> More Settings" to "Off".


+----------------------------------------------------------------------------+
; Parameter Settings for User Entity Instance: fluxoDados:FD0|registrador:R4 ;
+----------------+-------+---------------------------------------------------+
; Parameter Name ; Value ; Type                                              ;
+----------------+-------+---------------------------------------------------+
; bits           ; 4     ; Signed Integer                                    ;
+----------------+-------+---------------------------------------------------+
Note: In order to hide this table in the UI and the text report file, please set the "Show Parameter Settings in Synthesis Report" option in "Analysis and Synthesis Settings -> More Settings" to "Off".


+----------------------------------------------------------------------------+
; Parameter Settings for User Entity Instance: fluxoDados:FD0|registrador:R5 ;
+----------------+-------+---------------------------------------------------+
; Parameter Name ; Value ; Type                                              ;
+----------------+-------+---------------------------------------------------+
; bits           ; 4     ; Signed Integer                                    ;
+----------------+-------+---------------------------------------------------+
Note: In order to hide this table in the UI and the text report file, please set the "Show Parameter Settings in Synthesis Report" option in "Analysis and Synthesis Settings -> More Settings" to "Off".


+------------------------------------------------------------------------------+
; Parameter Settings for User Entity Instance: fluxoDados:FD0|Mux6Way:MUX6WAY0 ;
+----------------+-------+-----------------------------------------------------+
; Parameter Name ; Value ; Type                                                ;
+----------------+-------+-----------------------------------------------------+
; bits           ; 4     ; Signed Integer                                      ;
+----------------+-------+-----------------------------------------------------+
Note: In order to hide this table in the UI and the text report file, please set the "Show Parameter Settings in Synthesis Report" option in "Analysis and Synthesis Settings -> More Settings" to "Off".


+----------------------------------------------------------------------+
; Parameter Settings for User Entity Instance: fluxoDados:FD0|ula:ULA0 ;
+----------------+-------+---------------------------------------------+
; Parameter Name ; Value ; Type                                        ;
+----------------+-------+---------------------------------------------+
; bits           ; 4     ; Signed Integer                              ;
+----------------+-------+---------------------------------------------+
Note: In order to hide this table in the UI and the text report file, please set the "Show Parameter Settings in Synthesis Report" option in "Analysis and Synthesis Settings -> More Settings" to "Off".


+---------------------------------------------------------------------------------+
; Parameter Settings for User Entity Instance: fluxoDados:FD0|Demux6Way:DMUX6WAY0 ;
+----------------+-------+--------------------------------------------------------+
; Parameter Name ; Value ; Type                                                   ;
+----------------+-------+--------------------------------------------------------+
; bits           ; 4     ; Signed Integer                                         ;
+----------------+-------+--------------------------------------------------------+
Note: In order to hide this table in the UI and the text report file, please set the "Show Parameter Settings in Synthesis Report" option in "Analysis and Synthesis Settings -> More Settings" to "Off".


+----------------------------------------------------+
; Port Connectivity Checks: "conversorHex7Seg:CONV5" ;
+----------+-------+----------+----------------------+
; Port     ; Type  ; Severity ; Details              ;
+----------+-------+----------+----------------------+
; apaga    ; Input ; Info     ; Stuck at GND         ;
; negativo ; Input ; Info     ; Stuck at GND         ;
; overflow ; Input ; Info     ; Stuck at GND         ;
+----------+-------+----------+----------------------+


+----------------------------------------------------+
; Port Connectivity Checks: "conversorHex7Seg:CONV4" ;
+----------+-------+----------+----------------------+
; Port     ; Type  ; Severity ; Details              ;
+----------+-------+----------+----------------------+
; apaga    ; Input ; Info     ; Stuck at GND         ;
; negativo ; Input ; Info     ; Stuck at GND         ;
; overflow ; Input ; Info     ; Stuck at GND         ;
+----------+-------+----------+----------------------+


+---------------------------------------------------------------------------------------------------------------------+
; Port Connectivity Checks: "conversorHex7Seg:CONV3"                                                                  ;
+-----------+--------+----------+-------------------------------------------------------------------------------------+
; Port      ; Type   ; Severity ; Details                                                                             ;
+-----------+--------+----------+-------------------------------------------------------------------------------------+
; apaga     ; Input  ; Info     ; Stuck at GND                                                                        ;
; negativo  ; Input  ; Info     ; Stuck at GND                                                                        ;
; overflow  ; Input  ; Info     ; Stuck at GND                                                                        ;
; saida7seg ; Output ; Info     ; Connected to dangling logic. Logic that only feeds a dangling port will be removed. ;
+-----------+--------+----------+-------------------------------------------------------------------------------------+


+---------------------------------------------------------------------------------------------------------------------+
; Port Connectivity Checks: "conversorHex7Seg:CONV2"                                                                  ;
+-----------+--------+----------+-------------------------------------------------------------------------------------+
; Port      ; Type   ; Severity ; Details                                                                             ;
+-----------+--------+----------+-------------------------------------------------------------------------------------+
; apaga     ; Input  ; Info     ; Stuck at GND                                                                        ;
; negativo  ; Input  ; Info     ; Stuck at GND                                                                        ;
; overflow  ; Input  ; Info     ; Stuck at GND                                                                        ;
; saida7seg ; Output ; Info     ; Connected to dangling logic. Logic that only feeds a dangling port will be removed. ;
+-----------+--------+----------+-------------------------------------------------------------------------------------+


+---------------------------------------------------------------------------------------------------------------------+
; Port Connectivity Checks: "conversorHex7Seg:CONV1"                                                                  ;
+-----------+--------+----------+-------------------------------------------------------------------------------------+
; Port      ; Type   ; Severity ; Details                                                                             ;
+-----------+--------+----------+-------------------------------------------------------------------------------------+
; apaga     ; Input  ; Info     ; Stuck at GND                                                                        ;
; negativo  ; Input  ; Info     ; Stuck at GND                                                                        ;
; overflow  ; Input  ; Info     ; Stuck at GND                                                                        ;
; saida7seg ; Output ; Info     ; Connected to dangling logic. Logic that only feeds a dangling port will be removed. ;
+-----------+--------+----------+-------------------------------------------------------------------------------------+


+---------------------------------------------------------------------------------------------------------------------+
; Port Connectivity Checks: "conversorHex7Seg:CONV0"                                                                  ;
+-----------+--------+----------+-------------------------------------------------------------------------------------+
; Port      ; Type   ; Severity ; Details                                                                             ;
+-----------+--------+----------+-------------------------------------------------------------------------------------+
; apaga     ; Input  ; Info     ; Stuck at GND                                                                        ;
; negativo  ; Input  ; Info     ; Stuck at GND                                                                        ;
; overflow  ; Input  ; Info     ; Stuck at GND                                                                        ;
; saida7seg ; Output ; Info     ; Connected to dangling logic. Logic that only feeds a dangling port will be removed. ;
+-----------+--------+----------+-------------------------------------------------------------------------------------+


+-----------------------------------------------------+
; Port Connectivity Checks: "fluxoDados:FD0|ula:ULA0" ;
+------------+-------+----------+---------------------+
; Port       ; Type  ; Severity ; Details             ;
+------------+-------+----------+---------------------+
; in_a[3..1] ; Input ; Info     ; Stuck at GND        ;
; in_a[0]    ; Input ; Info     ; Stuck at VCC        ;
+------------+-------+----------+---------------------+


+----------------------------------------------+
; Port Connectivity Checks: "clockDivisor:CD0" ;
+-------+-------+----------+-------------------+
; Port  ; Type  ; Severity ; Details           ;
+-------+-------+----------+-------------------+
; reset ; Input ; Info     ; Stuck at GND      ;
+-------+-------+----------+-------------------+


+-----------------------------------------------------+
; Post-Synthesis Netlist Statistics for Top Partition ;
+-----------------------+-----------------------------+
; Type                  ; Count                       ;
+-----------------------+-----------------------------+
; boundary_port         ; 43                          ;
; cycloneiii_lcell_comb ; 2                           ;
;     normal            ; 2                           ;
;         0 data inputs ; 2                           ;
;                       ;                             ;
; Max LUT depth         ; 0.00                        ;
; Average LUT depth     ; 0.00                        ;
+-----------------------+-----------------------------+


+-------------------------------+
; Elapsed Time Per Partition    ;
+----------------+--------------+
; Partition Name ; Elapsed Time ;
+----------------+--------------+
; Top            ; 00:00:00     ;
+----------------+--------------+


+-------------------------------+
; Analysis & Synthesis Messages ;
+-------------------------------+
Info: *******************************************************************
Info: Running Quartus Prime Analysis & Synthesis
    Info: Version 17.0.0 Build 595 04/25/2017 SJ Lite Edition
    Info: Processing started: Mon Oct 09 23:25:14 2017
Info: Command: quartus_map --read_settings_files=on --write_settings_files=off Clock -c Clock
Warning (18236): Number of processors has not been specified which may cause overloading on shared machines.  Set the global assignment NUM_PARALLEL_PROCESSORS in your QSF to an appropriate value for best performance.
Info (20030): Parallel compilation is enabled and will use 2 of the 2 processors detected
Info (12021): Found 2 design units, including 1 entities, in source file conversorhex7seg.vhd
    Info (12022): Found design unit 1: conversorHex7Seg-comportamento File: C:/Users/lucas/OneDrive/Insper/DesignComp/Clock/conversorHex7Seg.vhd Line: 17
    Info (12023): Found entity 1: conversorHex7Seg File: C:/Users/lucas/OneDrive/Insper/DesignComp/Clock/conversorHex7Seg.vhd Line: 4
Info (12021): Found 2 design units, including 1 entities, in source file registrador.vhd
    Info (12022): Found design unit 1: registrador-rtl File: C:/Users/lucas/OneDrive/Insper/DesignComp/Clock/registrador.vhd Line: 24
    Info (12023): Found entity 1: registrador File: C:/Users/lucas/OneDrive/Insper/DesignComp/Clock/registrador.vhd Line: 5
Info (12021): Found 2 design units, including 1 entities, in source file ula.vhd
    Info (12022): Found design unit 1: ula-rtl File: C:/Users/lucas/OneDrive/Insper/DesignComp/Clock/ula.vhd Line: 23
    Info (12023): Found entity 1: ula File: C:/Users/lucas/OneDrive/Insper/DesignComp/Clock/ula.vhd Line: 6
Info (12021): Found 2 design units, including 1 entities, in source file fluxodados.vhd
    Info (12022): Found design unit 1: fluxoDados-rtl File: C:/Users/lucas/OneDrive/Insper/DesignComp/Clock/fluxoDados.vhd Line: 18
    Info (12023): Found entity 1: fluxoDados File: C:/Users/lucas/OneDrive/Insper/DesignComp/Clock/fluxoDados.vhd Line: 4
Info (12021): Found 2 design units, including 1 entities, in source file clockdivisor.vhd
    Info (12022): Found design unit 1: clockDivisor-rtl File: C:/Users/lucas/OneDrive/Insper/DesignComp/Clock/clockDivisor.vhd Line: 17
    Info (12023): Found entity 1: clockDivisor File: C:/Users/lucas/OneDrive/Insper/DesignComp/Clock/clockDivisor.vhd Line: 7
Info (12021): Found 2 design units, including 1 entities, in source file mux6way.vhd
    Info (12022): Found design unit 1: Mux6Way-rtl File: C:/Users/lucas/OneDrive/Insper/DesignComp/Clock/Mux6Way.vhd Line: 19
    Info (12023): Found entity 1: Mux6Way File: C:/Users/lucas/OneDrive/Insper/DesignComp/Clock/Mux6Way.vhd Line: 5
Info (12021): Found 2 design units, including 1 entities, in source file demux6way.vhd
    Info (12022): Found design unit 1: Demux6Way-rtl File: C:/Users/lucas/OneDrive/Insper/DesignComp/Clock/Demux6Way.vhd Line: 25
    Info (12023): Found entity 1: Demux6Way File: C:/Users/lucas/OneDrive/Insper/DesignComp/Clock/Demux6Way.vhd Line: 5
Info (12021): Found 2 design units, including 1 entities, in source file mux2way.vhd
    Info (12022): Found design unit 1: Mux2Way-rtl File: C:/Users/lucas/OneDrive/Insper/DesignComp/Clock/Mux2Way.vhd Line: 19
    Info (12023): Found entity 1: Mux2Way File: C:/Users/lucas/OneDrive/Insper/DesignComp/Clock/Mux2Way.vhd Line: 5
Info (12021): Found 2 design units, including 1 entities, in source file unidadecontrole.vhd
    Info (12022): Found design unit 1: unidadeControle-rtl File: C:/Users/lucas/OneDrive/Insper/DesignComp/Clock/unidadeControle.vhd Line: 17
    Info (12023): Found entity 1: unidadeControle File: C:/Users/lucas/OneDrive/Insper/DesignComp/Clock/unidadeControle.vhd Line: 4
Info (12021): Found 2 design units, including 1 entities, in source file toplevel.vhd
    Info (12022): Found design unit 1: TopLevel-rtl2 File: C:/Users/lucas/OneDrive/Insper/DesignComp/Clock/TopLevel.vhd Line: 18
    Info (12023): Found entity 1: TopLevel File: C:/Users/lucas/OneDrive/Insper/DesignComp/Clock/TopLevel.vhd Line: 5
Info (12127): Elaborating entity "TopLevel" for the top level hierarchy
Warning (10540): VHDL Signal Declaration warning at TopLevel.vhd(68): used explicit default value for signal "SIG_RESET_CLK" because signal was never assigned a value File: C:/Users/lucas/OneDrive/Insper/DesignComp/Clock/TopLevel.vhd Line: 68
Warning (10540): VHDL Signal Declaration warning at TopLevel.vhd(68): used explicit default value for signal "SIG_APAGA" because signal was never assigned a value File: C:/Users/lucas/OneDrive/Insper/DesignComp/Clock/TopLevel.vhd Line: 68
Warning (10540): VHDL Signal Declaration warning at TopLevel.vhd(68): used explicit default value for signal "SIG_NEG" because signal was never assigned a value File: C:/Users/lucas/OneDrive/Insper/DesignComp/Clock/TopLevel.vhd Line: 68
Warning (10540): VHDL Signal Declaration warning at TopLevel.vhd(68): used explicit default value for signal "SIG_OF" because signal was never assigned a value File: C:/Users/lucas/OneDrive/Insper/DesignComp/Clock/TopLevel.vhd Line: 68
Warning (10036): Verilog HDL or VHDL warning at TopLevel.vhd(74): object "HEX0_OUT" assigned a value but never read File: C:/Users/lucas/OneDrive/Insper/DesignComp/Clock/TopLevel.vhd Line: 74
Warning (10036): Verilog HDL or VHDL warning at TopLevel.vhd(74): object "HEX1_OUT" assigned a value but never read File: C:/Users/lucas/OneDrive/Insper/DesignComp/Clock/TopLevel.vhd Line: 74
Warning (10036): Verilog HDL or VHDL warning at TopLevel.vhd(74): object "HEX2_OUT" assigned a value but never read File: C:/Users/lucas/OneDrive/Insper/DesignComp/Clock/TopLevel.vhd Line: 74
Warning (10036): Verilog HDL or VHDL warning at TopLevel.vhd(74): object "HEX3_OUT" assigned a value but never read File: C:/Users/lucas/OneDrive/Insper/DesignComp/Clock/TopLevel.vhd Line: 74
Info (12128): Elaborating entity "clockDivisor" for hierarchy "clockDivisor:CD0" File: C:/Users/lucas/OneDrive/Insper/DesignComp/Clock/TopLevel.vhd Line: 79
Info (12128): Elaborating entity "fluxoDados" for hierarchy "fluxoDados:FD0" File: C:/Users/lucas/OneDrive/Insper/DesignComp/Clock/TopLevel.vhd Line: 80
Warning (10540): VHDL Signal Declaration warning at fluxoDados.vhd(74): used explicit default value for signal "ONE" because signal was never assigned a value File: C:/Users/lucas/OneDrive/Insper/DesignComp/Clock/fluxoDados.vhd Line: 74
Info (12128): Elaborating entity "registrador" for hierarchy "fluxoDados:FD0|registrador:R0" File: C:/Users/lucas/OneDrive/Insper/DesignComp/Clock/fluxoDados.vhd Line: 78
Info (12128): Elaborating entity "Mux6Way" for hierarchy "fluxoDados:FD0|Mux6Way:MUX6WAY0" File: C:/Users/lucas/OneDrive/Insper/DesignComp/Clock/fluxoDados.vhd Line: 84
Info (12128): Elaborating entity "ula" for hierarchy "fluxoDados:FD0|ula:ULA0" File: C:/Users/lucas/OneDrive/Insper/DesignComp/Clock/fluxoDados.vhd Line: 85
Info (12128): Elaborating entity "Demux6Way" for hierarchy "fluxoDados:FD0|Demux6Way:DMUX6WAY0" File: C:/Users/lucas/OneDrive/Insper/DesignComp/Clock/fluxoDados.vhd Line: 86
Warning (10631): VHDL Process Statement warning at Demux6Way.vhd(28): inferring latch(es) for signal or variable "a", which holds its previous value in one or more paths through the process File: C:/Users/lucas/OneDrive/Insper/DesignComp/Clock/Demux6Way.vhd Line: 28
Warning (10631): VHDL Process Statement warning at Demux6Way.vhd(28): inferring latch(es) for signal or variable "b", which holds its previous value in one or more paths through the process File: C:/Users/lucas/OneDrive/Insper/DesignComp/Clock/Demux6Way.vhd Line: 28
Warning (10631): VHDL Process Statement warning at Demux6Way.vhd(28): inferring latch(es) for signal or variable "c", which holds its previous value in one or more paths through the process File: C:/Users/lucas/OneDrive/Insper/DesignComp/Clock/Demux6Way.vhd Line: 28
Warning (10631): VHDL Process Statement warning at Demux6Way.vhd(28): inferring latch(es) for signal or variable "d", which holds its previous value in one or more paths through the process File: C:/Users/lucas/OneDrive/Insper/DesignComp/Clock/Demux6Way.vhd Line: 28
Warning (10631): VHDL Process Statement warning at Demux6Way.vhd(28): inferring latch(es) for signal or variable "e", which holds its previous value in one or more paths through the process File: C:/Users/lucas/OneDrive/Insper/DesignComp/Clock/Demux6Way.vhd Line: 28
Warning (10631): VHDL Process Statement warning at Demux6Way.vhd(28): inferring latch(es) for signal or variable "f", which holds its previous value in one or more paths through the process File: C:/Users/lucas/OneDrive/Insper/DesignComp/Clock/Demux6Way.vhd Line: 28
Info (10041): Inferred latch for "f[0]" at Demux6Way.vhd(28) File: C:/Users/lucas/OneDrive/Insper/DesignComp/Clock/Demux6Way.vhd Line: 28
Info (10041): Inferred latch for "f[1]" at Demux6Way.vhd(28) File: C:/Users/lucas/OneDrive/Insper/DesignComp/Clock/Demux6Way.vhd Line: 28
Info (10041): Inferred latch for "f[2]" at Demux6Way.vhd(28) File: C:/Users/lucas/OneDrive/Insper/DesignComp/Clock/Demux6Way.vhd Line: 28
Info (10041): Inferred latch for "f[3]" at Demux6Way.vhd(28) File: C:/Users/lucas/OneDrive/Insper/DesignComp/Clock/Demux6Way.vhd Line: 28
Info (10041): Inferred latch for "e[0]" at Demux6Way.vhd(28) File: C:/Users/lucas/OneDrive/Insper/DesignComp/Clock/Demux6Way.vhd Line: 28
Info (10041): Inferred latch for "e[1]" at Demux6Way.vhd(28) File: C:/Users/lucas/OneDrive/Insper/DesignComp/Clock/Demux6Way.vhd Line: 28
Info (10041): Inferred latch for "e[2]" at Demux6Way.vhd(28) File: C:/Users/lucas/OneDrive/Insper/DesignComp/Clock/Demux6Way.vhd Line: 28
Info (10041): Inferred latch for "e[3]" at Demux6Way.vhd(28) File: C:/Users/lucas/OneDrive/Insper/DesignComp/Clock/Demux6Way.vhd Line: 28
Info (10041): Inferred latch for "d[0]" at Demux6Way.vhd(28) File: C:/Users/lucas/OneDrive/Insper/DesignComp/Clock/Demux6Way.vhd Line: 28
Info (10041): Inferred latch for "d[1]" at Demux6Way.vhd(28) File: C:/Users/lucas/OneDrive/Insper/DesignComp/Clock/Demux6Way.vhd Line: 28
Info (10041): Inferred latch for "d[2]" at Demux6Way.vhd(28) File: C:/Users/lucas/OneDrive/Insper/DesignComp/Clock/Demux6Way.vhd Line: 28
Info (10041): Inferred latch for "d[3]" at Demux6Way.vhd(28) File: C:/Users/lucas/OneDrive/Insper/DesignComp/Clock/Demux6Way.vhd Line: 28
Info (10041): Inferred latch for "c[0]" at Demux6Way.vhd(28) File: C:/Users/lucas/OneDrive/Insper/DesignComp/Clock/Demux6Way.vhd Line: 28
Info (10041): Inferred latch for "c[1]" at Demux6Way.vhd(28) File: C:/Users/lucas/OneDrive/Insper/DesignComp/Clock/Demux6Way.vhd Line: 28
Info (10041): Inferred latch for "c[2]" at Demux6Way.vhd(28) File: C:/Users/lucas/OneDrive/Insper/DesignComp/Clock/Demux6Way.vhd Line: 28
Info (10041): Inferred latch for "c[3]" at Demux6Way.vhd(28) File: C:/Users/lucas/OneDrive/Insper/DesignComp/Clock/Demux6Way.vhd Line: 28
Info (10041): Inferred latch for "b[0]" at Demux6Way.vhd(28) File: C:/Users/lucas/OneDrive/Insper/DesignComp/Clock/Demux6Way.vhd Line: 28
Info (10041): Inferred latch for "b[1]" at Demux6Way.vhd(28) File: C:/Users/lucas/OneDrive/Insper/DesignComp/Clock/Demux6Way.vhd Line: 28
Info (10041): Inferred latch for "b[2]" at Demux6Way.vhd(28) File: C:/Users/lucas/OneDrive/Insper/DesignComp/Clock/Demux6Way.vhd Line: 28
Info (10041): Inferred latch for "b[3]" at Demux6Way.vhd(28) File: C:/Users/lucas/OneDrive/Insper/DesignComp/Clock/Demux6Way.vhd Line: 28
Info (10041): Inferred latch for "a[0]" at Demux6Way.vhd(28) File: C:/Users/lucas/OneDrive/Insper/DesignComp/Clock/Demux6Way.vhd Line: 28
Info (10041): Inferred latch for "a[1]" at Demux6Way.vhd(28) File: C:/Users/lucas/OneDrive/Insper/DesignComp/Clock/Demux6Way.vhd Line: 28
Info (10041): Inferred latch for "a[2]" at Demux6Way.vhd(28) File: C:/Users/lucas/OneDrive/Insper/DesignComp/Clock/Demux6Way.vhd Line: 28
Info (10041): Inferred latch for "a[3]" at Demux6Way.vhd(28) File: C:/Users/lucas/OneDrive/Insper/DesignComp/Clock/Demux6Way.vhd Line: 28
Info (12128): Elaborating entity "unidadeControle" for hierarchy "unidadeControle:UC0" File: C:/Users/lucas/OneDrive/Insper/DesignComp/Clock/TopLevel.vhd Line: 81
Warning (10631): VHDL Process Statement warning at unidadeControle.vhd(20): inferring latch(es) for signal or variable "REG_ENABLE", which holds its previous value in one or more paths through the process File: C:/Users/lucas/OneDrive/Insper/DesignComp/Clock/unidadeControle.vhd Line: 20
Info (10041): Inferred latch for "REG_ENABLE[0]" at unidadeControle.vhd(20) File: C:/Users/lucas/OneDrive/Insper/DesignComp/Clock/unidadeControle.vhd Line: 20
Info (10041): Inferred latch for "REG_ENABLE[1]" at unidadeControle.vhd(20) File: C:/Users/lucas/OneDrive/Insper/DesignComp/Clock/unidadeControle.vhd Line: 20
Info (10041): Inferred latch for "REG_ENABLE[2]" at unidadeControle.vhd(20) File: C:/Users/lucas/OneDrive/Insper/DesignComp/Clock/unidadeControle.vhd Line: 20
Info (10041): Inferred latch for "REG_ENABLE[3]" at unidadeControle.vhd(20) File: C:/Users/lucas/OneDrive/Insper/DesignComp/Clock/unidadeControle.vhd Line: 20
Info (10041): Inferred latch for "REG_ENABLE[4]" at unidadeControle.vhd(20) File: C:/Users/lucas/OneDrive/Insper/DesignComp/Clock/unidadeControle.vhd Line: 20
Info (10041): Inferred latch for "REG_ENABLE[5]" at unidadeControle.vhd(20) File: C:/Users/lucas/OneDrive/Insper/DesignComp/Clock/unidadeControle.vhd Line: 20
Info (12128): Elaborating entity "conversorHex7Seg" for hierarchy "conversorHex7Seg:CONV0" File: C:/Users/lucas/OneDrive/Insper/DesignComp/Clock/TopLevel.vhd Line: 82
Warning (13024): Output pins are stuck at VCC or GND
    Warning (13410): Pin "HEX0[0]" is stuck at VCC File: C:/Users/lucas/OneDrive/Insper/DesignComp/Clock/TopLevel.vhd Line: 9
    Warning (13410): Pin "HEX0[1]" is stuck at GND File: C:/Users/lucas/OneDrive/Insper/DesignComp/Clock/TopLevel.vhd Line: 9
    Warning (13410): Pin "HEX0[2]" is stuck at GND File: C:/Users/lucas/OneDrive/Insper/DesignComp/Clock/TopLevel.vhd Line: 9
    Warning (13410): Pin "HEX0[3]" is stuck at VCC File: C:/Users/lucas/OneDrive/Insper/DesignComp/Clock/TopLevel.vhd Line: 9
    Warning (13410): Pin "HEX0[4]" is stuck at VCC File: C:/Users/lucas/OneDrive/Insper/DesignComp/Clock/TopLevel.vhd Line: 9
    Warning (13410): Pin "HEX0[5]" is stuck at VCC File: C:/Users/lucas/OneDrive/Insper/DesignComp/Clock/TopLevel.vhd Line: 9
    Warning (13410): Pin "HEX0[6]" is stuck at VCC File: C:/Users/lucas/OneDrive/Insper/DesignComp/Clock/TopLevel.vhd Line: 9
    Warning (13410): Pin "HEX1[0]" is stuck at GND File: C:/Users/lucas/OneDrive/Insper/DesignComp/Clock/TopLevel.vhd Line: 9
    Warning (13410): Pin "HEX1[1]" is stuck at GND File: C:/Users/lucas/OneDrive/Insper/DesignComp/Clock/TopLevel.vhd Line: 9
    Warning (13410): Pin "HEX1[2]" is stuck at GND File: C:/Users/lucas/OneDrive/Insper/DesignComp/Clock/TopLevel.vhd Line: 9
    Warning (13410): Pin "HEX1[3]" is stuck at GND File: C:/Users/lucas/OneDrive/Insper/DesignComp/Clock/TopLevel.vhd Line: 9
    Warning (13410): Pin "HEX1[4]" is stuck at GND File: C:/Users/lucas/OneDrive/Insper/DesignComp/Clock/TopLevel.vhd Line: 9
    Warning (13410): Pin "HEX1[5]" is stuck at GND File: C:/Users/lucas/OneDrive/Insper/DesignComp/Clock/TopLevel.vhd Line: 9
    Warning (13410): Pin "HEX1[6]" is stuck at VCC File: C:/Users/lucas/OneDrive/Insper/DesignComp/Clock/TopLevel.vhd Line: 9
    Warning (13410): Pin "HEX2[0]" is stuck at GND File: C:/Users/lucas/OneDrive/Insper/DesignComp/Clock/TopLevel.vhd Line: 9
    Warning (13410): Pin "HEX2[1]" is stuck at GND File: C:/Users/lucas/OneDrive/Insper/DesignComp/Clock/TopLevel.vhd Line: 9
    Warning (13410): Pin "HEX2[2]" is stuck at GND File: C:/Users/lucas/OneDrive/Insper/DesignComp/Clock/TopLevel.vhd Line: 9
    Warning (13410): Pin "HEX2[3]" is stuck at GND File: C:/Users/lucas/OneDrive/Insper/DesignComp/Clock/TopLevel.vhd Line: 9
    Warning (13410): Pin "HEX2[4]" is stuck at GND File: C:/Users/lucas/OneDrive/Insper/DesignComp/Clock/TopLevel.vhd Line: 9
    Warning (13410): Pin "HEX2[5]" is stuck at GND File: C:/Users/lucas/OneDrive/Insper/DesignComp/Clock/TopLevel.vhd Line: 9
    Warning (13410): Pin "HEX2[6]" is stuck at VCC File: C:/Users/lucas/OneDrive/Insper/DesignComp/Clock/TopLevel.vhd Line: 9
    Warning (13410): Pin "HEX3[0]" is stuck at GND File: C:/Users/lucas/OneDrive/Insper/DesignComp/Clock/TopLevel.vhd Line: 9
    Warning (13410): Pin "HEX3[1]" is stuck at GND File: C:/Users/lucas/OneDrive/Insper/DesignComp/Clock/TopLevel.vhd Line: 9
    Warning (13410): Pin "HEX3[2]" is stuck at GND File: C:/Users/lucas/OneDrive/Insper/DesignComp/Clock/TopLevel.vhd Line: 9
    Warning (13410): Pin "HEX3[3]" is stuck at GND File: C:/Users/lucas/OneDrive/Insper/DesignComp/Clock/TopLevel.vhd Line: 9
    Warning (13410): Pin "HEX3[4]" is stuck at GND File: C:/Users/lucas/OneDrive/Insper/DesignComp/Clock/TopLevel.vhd Line: 9
    Warning (13410): Pin "HEX3[5]" is stuck at GND File: C:/Users/lucas/OneDrive/Insper/DesignComp/Clock/TopLevel.vhd Line: 9
    Warning (13410): Pin "HEX3[6]" is stuck at VCC File: C:/Users/lucas/OneDrive/Insper/DesignComp/Clock/TopLevel.vhd Line: 9
    Warning (13410): Pin "HEX4[0]" is stuck at GND File: C:/Users/lucas/OneDrive/Insper/DesignComp/Clock/TopLevel.vhd Line: 9
    Warning (13410): Pin "HEX4[1]" is stuck at GND File: C:/Users/lucas/OneDrive/Insper/DesignComp/Clock/TopLevel.vhd Line: 9
    Warning (13410): Pin "HEX4[2]" is stuck at GND File: C:/Users/lucas/OneDrive/Insper/DesignComp/Clock/TopLevel.vhd Line: 9
    Warning (13410): Pin "HEX4[3]" is stuck at GND File: C:/Users/lucas/OneDrive/Insper/DesignComp/Clock/TopLevel.vhd Line: 9
    Warning (13410): Pin "HEX4[4]" is stuck at GND File: C:/Users/lucas/OneDrive/Insper/DesignComp/Clock/TopLevel.vhd Line: 9
    Warning (13410): Pin "HEX4[5]" is stuck at GND File: C:/Users/lucas/OneDrive/Insper/DesignComp/Clock/TopLevel.vhd Line: 9
    Warning (13410): Pin "HEX4[6]" is stuck at VCC File: C:/Users/lucas/OneDrive/Insper/DesignComp/Clock/TopLevel.vhd Line: 9
    Warning (13410): Pin "HEX5[0]" is stuck at GND File: C:/Users/lucas/OneDrive/Insper/DesignComp/Clock/TopLevel.vhd Line: 9
    Warning (13410): Pin "HEX5[1]" is stuck at GND File: C:/Users/lucas/OneDrive/Insper/DesignComp/Clock/TopLevel.vhd Line: 9
    Warning (13410): Pin "HEX5[2]" is stuck at GND File: C:/Users/lucas/OneDrive/Insper/DesignComp/Clock/TopLevel.vhd Line: 9
    Warning (13410): Pin "HEX5[3]" is stuck at GND File: C:/Users/lucas/OneDrive/Insper/DesignComp/Clock/TopLevel.vhd Line: 9
    Warning (13410): Pin "HEX5[4]" is stuck at GND File: C:/Users/lucas/OneDrive/Insper/DesignComp/Clock/TopLevel.vhd Line: 9
    Warning (13410): Pin "HEX5[5]" is stuck at GND File: C:/Users/lucas/OneDrive/Insper/DesignComp/Clock/TopLevel.vhd Line: 9
    Warning (13410): Pin "HEX5[6]" is stuck at VCC File: C:/Users/lucas/OneDrive/Insper/DesignComp/Clock/TopLevel.vhd Line: 9
Info (16010): Generating hard_block partition "hard_block:auto_generated_inst"
    Info (16011): Adding 0 node(s), including 0 DDIO, 0 PLL, 0 transceiver and 0 LCELL
Warning (21074): Design contains 1 input pin(s) that do not drive logic
    Warning (15610): No output dependent on input pin "CLOCK_50" File: C:/Users/lucas/OneDrive/Insper/DesignComp/Clock/TopLevel.vhd Line: 7
Info (21057): Implemented 43 device resources after synthesis - the final resource count might be different
    Info (21058): Implemented 1 input pins
    Info (21059): Implemented 42 output pins
Info: Quartus Prime Analysis & Synthesis was successful. 0 errors, 62 warnings
    Info: Peak virtual memory: 679 megabytes
    Info: Processing ended: Mon Oct 09 23:25:31 2017
    Info: Elapsed time: 00:00:17
    Info: Total CPU time (on all processors): 00:00:36


